// Vitest Snapshot v1, https://vitest.dev/guide/snapshot.html

exports[`COVIDStatic Stories > should render Simple story snapshot 1`] = `
<div
  class="viewer-border"
>
  <svg
    height="500"
    id="mysvg"
    width="900"
    xmlns:xlink="http://www.w3.org/1999/xlink"
  >
    <g
      class="mysvg main-view"
      transform="translate(40,8)"
    >
      <g
        class="axis track"
        fill="none"
        font-family="sans-serif"
        font-size="10"
        height="20"
        text-anchor="middle"
        transform="translate(0,20)"
        width="830"
      >
        <path
          class="domain"
          d="M0.5,-8V0.5H830.5V-8"
          stroke="currentColor"
        />
        <g
          class="tick"
          opacity="1"
          transform="translate(8.988181379643029,0)"
        >
          <line
            stroke="currentColor"
            y2="-8"
          />
          <text
            dy="0em"
            fill="currentColor"
            y="-11"
          >
            18k
          </text>
        </g>
        <g
          class="tick"
          opacity="1"
          transform="translate(89.06536420646405,0)"
        >
          <line
            stroke="currentColor"
            y2="-8"
          />
          <text
            dy="0em"
            fill="currentColor"
            y="-11"
          >
            19k
          </text>
        </g>
        <g
          class="tick"
          opacity="1"
          transform="translate(169.14254703328507,0)"
        >
          <line
            stroke="currentColor"
            y2="-8"
          />
          <text
            dy="0em"
            fill="currentColor"
            y="-11"
          >
            20k
          </text>
        </g>
        <g
          class="tick"
          opacity="1"
          transform="translate(249.21972986010616,0)"
        >
          <line
            stroke="currentColor"
            y2="-8"
          />
          <text
            dy="0em"
            fill="currentColor"
            y="-11"
          >
            21k
          </text>
        </g>
        <g
          class="tick"
          opacity="1"
          transform="translate(329.29691268692716,0)"
        >
          <line
            stroke="currentColor"
            y2="-8"
          />
          <text
            dy="0em"
            fill="currentColor"
            y="-11"
          >
            22k
          </text>
        </g>
        <g
          class="tick"
          opacity="1"
          transform="translate(409.37409551374816,0)"
        >
          <line
            stroke="currentColor"
            y2="-8"
          />
          <text
            dy="0em"
            fill="currentColor"
            y="-11"
          >
            23k
          </text>
        </g>
        <g
          class="tick"
          opacity="1"
          transform="translate(489.4512783405692,0)"
        >
          <line
            stroke="currentColor"
            y2="-8"
          />
          <text
            dy="0em"
            fill="currentColor"
            y="-11"
          >
            24k
          </text>
        </g>
        <g
          class="tick"
          opacity="1"
          transform="translate(569.5284611673903,0)"
        >
          <line
            stroke="currentColor"
            y2="-8"
          />
          <text
            dy="0em"
            fill="currentColor"
            y="-11"
          >
            25k
          </text>
        </g>
        <g
          class="tick"
          opacity="1"
          transform="translate(649.6056439942113,0)"
        >
          <line
            stroke="currentColor"
            y2="-8"
          />
          <text
            dy="0em"
            fill="currentColor"
            y="-11"
          >
            26k
          </text>
        </g>
        <g
          class="tick"
          opacity="1"
          transform="translate(729.6828268210323,0)"
        >
          <line
            stroke="currentColor"
            y2="-8"
          />
          <text
            dy="0em"
            fill="currentColor"
            y="-11"
          >
            27k
          </text>
        </g>
        <g
          class="tick"
          opacity="1"
          transform="translate(809.7600096478534,0)"
        >
          <line
            stroke="currentColor"
            y2="-8"
          />
          <text
            dy="0em"
            fill="currentColor"
            y="-11"
          >
            28k
          </text>
        </g>
      </g>
      <g
        class="track"
        transform="translate(0,1)"
      >
        <g
          class="isoform"
          transform="translate(0,10)"
        >
          <polygon
            class="transArrow"
            points="0,0 0,20 10,10"
            transform="translate(599.7780993728895,0)"
          />
          <rect
            class="transcriptBackbone"
            height="4"
            transform="translate(293.7231066087795,0)"
            width="306.05499276411"
            y="10"
          />
          <text
            class="transcriptLabel"
            fill="gray"
            height="0"
            opacity="0.5"
            transform="translate(293.7231066087795,0)"
          >
            S (YP_009724390.1)
          </text>
        </g>
        <g
          class="isoform"
          transform="translate(0,50)"
        >
          <polygon
            class="transArrow"
            points="0,0 0,20 10,10"
            transform="translate(666.722624216112,0)"
          />
          <rect
            class="transcriptBackbone"
            height="4"
            transform="translate(600.418716835504,0)"
            width="66.30390738060794"
            y="10"
          />
          <text
            class="transcriptLabel"
            fill="gray"
            height="0"
            opacity="0.5"
            transform="translate(600.418716835504,0)"
          >
            ORF3a (YP_009724391.1)
          </text>
        </g>
        <g
          class="isoform"
          transform="translate(0,90)"
        >
          <polygon
            class="transArrow"
            points="0,0 0,20 10,10"
            transform="translate(686.9020742884709,0)"
          />
          <rect
            class="transcriptBackbone"
            height="4"
            transform="translate(668.6444766039556,0)"
            width="18.257597684515304"
            y="10"
          />
          <text
            class="transcriptLabel"
            fill="gray"
            height="0"
            opacity="0.5"
            transform="translate(668.6444766039556,0)"
          >
            E (YP_009724392.1)
          </text>
        </g>
        <g
          class="isoform"
          transform="translate(0,130)"
        >
          <polygon
            class="transArrow"
            points="0,0 0,20 10,10"
            transform="translate(744.4775687409551,0)"
          />
          <rect
            class="transcriptBackbone"
            height="4"
            transform="translate(690.9059334298119,0)"
            width="53.57163531114327"
            y="10"
          />
          <text
            class="transcriptLabel"
            fill="gray"
            height="0"
            opacity="0.5"
            transform="translate(690.9059334298119,0)"
          >
            M (YP_009724393.1)
          </text>
        </g>
        <g
          class="isoform"
          transform="translate(0,170)"
        >
          <polygon
            class="transArrow"
            points="0,0 0,20 10,10"
            transform="translate(760.1726965750121,0)"
          />
          <rect
            class="transcriptBackbone"
            height="4"
            transform="translate(745.2783405692234,0)"
            width="14.894356005788723"
            y="10"
          />
          <text
            class="transcriptLabel"
            fill="gray"
            height="0"
            opacity="0.5"
            transform="translate(745.2783405692234,0)"
          >
            ORF6 (YP_009724394.1)
          </text>
        </g>
        <g
          class="isoform"
          transform="translate(0,210)"
        >
          <polygon
            class="transArrow"
            points="0,0 0,20 10,10"
            transform="translate(789.9614085865895,0)"
          />
          <rect
            class="transcriptBackbone"
            height="4"
            transform="translate(760.653159671973,0)"
            width="29.30824891461657"
            y="10"
          />
          <text
            class="transcriptLabel"
            fill="gray"
            height="0"
            opacity="0.5"
            transform="translate(760.653159671973,0)"
          >
            ORF7a (YP_009724395.1)
          </text>
        </g>
        <g
          class="isoform"
          transform="translate(0,250)"
        >
          <polygon
            class="transArrow"
            points="0,0 0,20 10,10"
            transform="translate(830,0)"
          />
          <rect
            class="transcriptBackbone"
            height="4"
            transform="translate(800.6917510853835,0)"
            width="29.308248914616456"
            y="10"
          />
          <text
            class="transcriptLabel"
            fill="gray"
            height="0"
            opacity="0.5"
            transform="translate(800.6917510853835,0)"
          >
            ORF8 (YP_009724396.1)
          </text>
        </g>
        <g
          class="isoform"
          transform="translate(0,290)"
        >
          <polygon
            class="transArrow"
            points="0,0 0,20 10,10"
            transform="translate(11.61119150988905,0)"
          />
          <rect
            class="transcriptBackbone"
            height="4"
            transform="translate(0,0)"
            width="11.61119150988905"
            y="10"
          />
          <text
            class="transcriptLabel"
            fill="gray"
            height="0"
            opacity="0.5"
            transform="translate(0,0)"
          >
            nsp13 (YP_009725308.1)
          </text>
        </g>
        <g
          class="isoform"
          transform="translate(0,330)"
        >
          <polygon
            class="transArrow"
            points="0,0 0,20 10,10"
            transform="translate(138.2132175590931,0)"
          />
          <rect
            class="transcriptBackbone"
            height="4"
            transform="translate(11.61119150988905,0)"
            width="126.60202604920404"
            y="10"
          />
          <text
            class="transcriptLabel"
            fill="gray"
            height="0"
            opacity="0.5"
            transform="translate(11.61119150988905,0)"
          >
            nsp14 (YP_009725309.1)
          </text>
        </g>
        <g
          class="isoform"
          transform="translate(0,370)"
        >
          <polygon
            class="transArrow"
            points="0,0 0,20 10,10"
            transform="translate(221.33333333333334,0)"
          />
          <rect
            class="transcriptBackbone"
            height="4"
            transform="translate(138.2132175590931,0)"
            width="83.12011577424025"
            y="10"
          />
          <text
            class="transcriptLabel"
            fill="gray"
            height="0"
            opacity="0.5"
            transform="translate(138.2132175590931,0)"
          >
            nsp15 (YP_009725310.1)
          </text>
        </g>
        <a
          class="transcriptLabel"
          show="new"
        >
          <text
            fill="red"
            height="0"
            opacity="1"
            transform="translate(0,410)"
            x="10"
          >
            Maximum features displayed.  See full view for more.
          </text>
        </a>
      </g>
    </g>
  </svg>
</div>
`;
