// Vitest Snapshot v1, https://vitest.dev/guide/snapshot.html

exports[`VariantGlyphsExamples Stories > should render FlySox14 story snapshot 1`] = `
<div>
  <div
    style="margin-top: 20px;"
  >
    <div
      style="padding: 10px;"
    >
      Loaded 0 variants
    </div>
    <div
      class="viewer-border"
    >
      <svg
        height="340"
        id="fly-Sox14-svg"
        width="900"
        xmlns:xlink="http://www.w3.org/1999/xlink"
      >
        <g
          class="fly-Sox14-svg main-view"
          transform="translate(40,8)"
        >
          <g
            class="axis track"
            fill="none"
            font-family="sans-serif"
            font-size="10"
            height="20"
            text-anchor="middle"
            transform="translate(0,20)"
            width="830"
          >
            <path
              class="domain"
              d="M0.5,-8V0.5H830.5V-8"
              stroke="currentColor"
            />
            <g
              class="tick"
              opacity="1"
              transform="translate(26.404956085319952,0)"
            >
              <line
                stroke="currentColor"
                y2="-8"
              />
              <text
                dy="0em"
                fill="currentColor"
                y="-11"
              >
                23.979M
              </text>
            </g>
            <g
              class="tick"
              opacity="1"
              transform="translate(156.5806148055207,0)"
            >
              <line
                stroke="currentColor"
                y2="-8"
              />
              <text
                dy="0em"
                fill="currentColor"
                y="-11"
              >
                23.980M
              </text>
            </g>
            <g
              class="tick"
              opacity="1"
              transform="translate(286.75627352572144,0)"
            >
              <line
                stroke="currentColor"
                y2="-8"
              />
              <text
                dy="0em"
                fill="currentColor"
                y="-11"
              >
                23.981M
              </text>
            </g>
            <g
              class="tick"
              opacity="1"
              transform="translate(416.93193224592216,0)"
            >
              <line
                stroke="currentColor"
                y2="-8"
              />
              <text
                dy="0em"
                fill="currentColor"
                y="-11"
              >
                23.982M
              </text>
            </g>
            <g
              class="tick"
              opacity="1"
              transform="translate(547.1075909661229,0)"
            >
              <line
                stroke="currentColor"
                y2="-8"
              />
              <text
                dy="0em"
                fill="currentColor"
                y="-11"
              >
                23.983M
              </text>
            </g>
            <g
              class="tick"
              opacity="1"
              transform="translate(677.2832496863238,0)"
            >
              <line
                stroke="currentColor"
                y2="-8"
              />
              <text
                dy="0em"
                fill="currentColor"
                y="-11"
              >
                23.984M
              </text>
            </g>
            <g
              class="tick"
              opacity="1"
              transform="translate(807.4589084065245,0)"
            >
              <line
                stroke="currentColor"
                y2="-8"
              />
              <text
                dy="0em"
                fill="currentColor"
                y="-11"
              >
                23.985M
              </text>
            </g>
          </g>
          <g
            class="track"
            transform="translate(0,1)"
          >
            <g
              class="isoform"
              transform="translate(0,30)"
            >
              <text
                class="geneLabel"
                fill="black"
                height="0"
                transform="translate(547.946141895391,-20)"
              >
                Phm
              </text>
              <polygon
                class="transArrow"
                points="0,0 0,20 10,10"
                transform="translate(547.946141895391,20) rotate(180)"
              />
              <rect
                class="transcriptBackbone"
                height="4"
                transform="translate(547.946141895391,0)"
                width="282.05385810460905"
                y="10"
              />
              <text
                class="transcriptLabel"
                fill="gray"
                height="0"
                opacity="0.5"
                transform="translate(547.946141895391,0)"
              >
                Phm-RA
              </text>
              <rect
                class="exon"
                height="10"
                transform="translate(0,6)"
                width="29.40031071983435"
                x="800.5996892801656"
                z-index="10"
              />
              <rect
                class="exon"
                height="10"
                transform="translate(0,6)"
                width="4.986017607457256"
                x="757.9606421543242"
                z-index="10"
              />
              <rect
                class="exon"
                height="10"
                transform="translate(0,6)"
                width="7.564992232004101"
                x="744.9798032107717"
                z-index="10"
              />
              <rect
                class="exon"
                height="10"
                transform="translate(0,6)"
                width="6.275504919730793"
                x="733.8042465044018"
                z-index="10"
              />
              <rect
                class="exon"
                height="10"
                transform="translate(0,6)"
                width="11.433454168824483"
                x="641.3909891248057"
                z-index="10"
              />
              <rect
                class="exon"
                height="10"
                transform="translate(0,6)"
                width="4.212325220093248"
                x="632.6224754013464"
                z-index="10"
              />
              <rect
                class="exon"
                height="10"
                transform="translate(0,6)"
                width="29.14241325737953"
                x="598.4940445365096"
                z-index="10"
              />
              <rect
                class="exon"
                height="10"
                transform="translate(0,6)"
                width="44.78819264629726"
                x="547.946141895391"
                z-index="10"
              />
              <rect
                class="UTR"
                height="10"
                transform="translate(0,6)"
                width="13.152770585189046"
                x="816.847229414811"
                z-index="20"
              />
              <rect
                class="UTR"
                height="10"
                transform="translate(0,6)"
                width="30.259968928016633"
                x="547.946141895391"
                z-index="20"
              />
              <rect
                class="CDS"
                height="10"
                transform="translate(0,6)"
                width="16.5054375970999"
                x="800.341791817711"
                z-index="20"
              />
              <rect
                class="CDS"
                height="10"
                transform="translate(0,6)"
                width="4.986017607457256"
                x="757.9606421543242"
                z-index="20"
              />
              <rect
                class="CDS"
                height="10"
                transform="translate(0,6)"
                width="7.564992232004101"
                x="744.9798032107717"
                z-index="20"
              />
              <rect
                class="CDS"
                height="10"
                transform="translate(0,6)"
                width="6.275504919730793"
                x="733.8042465044018"
                z-index="20"
              />
              <rect
                class="CDS"
                height="10"
                transform="translate(0,6)"
                width="11.433454168824483"
                x="641.3909891248057"
                z-index="20"
              />
              <rect
                class="CDS"
                height="10"
                transform="translate(0,6)"
                width="4.212325220093248"
                x="632.6224754013464"
                z-index="20"
              />
              <rect
                class="CDS"
                height="10"
                transform="translate(0,6)"
                width="29.14241325737953"
                x="598.4940445365096"
                z-index="20"
              />
              <rect
                class="CDS"
                height="10"
                transform="translate(0,6)"
                width="14.270326255826035"
                x="578.4640082858622"
                z-index="20"
              />
            </g>
            <g
              class="isoform"
              transform="translate(0,70)"
            >
              <polygon
                class="transArrow"
                points="0,0 0,20 10,10"
                transform="translate(562.0445365095806,20) rotate(180)"
              />
              <rect
                class="transcriptBackbone"
                height="4"
                transform="translate(562.0445365095806,0)"
                width="267.95546349041945"
                y="10"
              />
              <text
                class="transcriptLabel"
                fill="gray"
                height="0"
                opacity="0.5"
                transform="translate(562.0445365095806,0)"
              >
                Phm-RB
              </text>
              <rect
                class="exon"
                height="10"
                transform="translate(0,6)"
                width="29.40031071983435"
                x="800.5996892801656"
                z-index="10"
              />
              <rect
                class="exon"
                height="10"
                transform="translate(0,6)"
                width="4.986017607457256"
                x="757.9606421543242"
                z-index="10"
              />
              <rect
                class="exon"
                height="10"
                transform="translate(0,6)"
                width="7.564992232004101"
                x="744.9798032107717"
                z-index="10"
              />
              <rect
                class="exon"
                height="10"
                transform="translate(0,6)"
                width="6.275504919730793"
                x="733.8042465044018"
                z-index="10"
              />
              <rect
                class="exon"
                height="10"
                transform="translate(0,6)"
                width="11.433454168824483"
                x="641.3909891248057"
                z-index="10"
              />
              <rect
                class="exon"
                height="10"
                transform="translate(0,6)"
                width="4.212325220093248"
                x="632.6224754013464"
                z-index="10"
              />
              <rect
                class="exon"
                height="10"
                transform="translate(0,6)"
                width="29.14241325737953"
                x="598.4940445365096"
                z-index="10"
              />
              <rect
                class="exon"
                height="10"
                transform="translate(0,6)"
                width="30.68979803210766"
                x="562.0445365095806"
                z-index="10"
              />
              <rect
                class="UTR"
                height="10"
                transform="translate(0,6)"
                width="13.152770585189046"
                x="816.847229414811"
                z-index="20"
              />
              <rect
                class="UTR"
                height="10"
                transform="translate(0,6)"
                width="16.161574313827032"
                x="562.0445365095806"
                z-index="20"
              />
              <rect
                class="CDS"
                height="10"
                transform="translate(0,6)"
                width="16.5054375970999"
                x="800.341791817711"
                z-index="20"
              />
              <rect
                class="CDS"
                height="10"
                transform="translate(0,6)"
                width="4.986017607457256"
                x="757.9606421543242"
                z-index="20"
              />
              <rect
                class="CDS"
                height="10"
                transform="translate(0,6)"
                width="7.564992232004101"
                x="744.9798032107717"
                z-index="20"
              />
              <rect
                class="CDS"
                height="10"
                transform="translate(0,6)"
                width="6.275504919730793"
                x="733.8042465044018"
                z-index="20"
              />
              <rect
                class="CDS"
                height="10"
                transform="translate(0,6)"
                width="11.433454168824483"
                x="641.3909891248057"
                z-index="20"
              />
              <rect
                class="CDS"
                height="10"
                transform="translate(0,6)"
                width="4.212325220093248"
                x="632.6224754013464"
                z-index="20"
              />
              <rect
                class="CDS"
                height="10"
                transform="translate(0,6)"
                width="29.14241325737953"
                x="598.4940445365096"
                z-index="20"
              />
              <rect
                class="CDS"
                height="10"
                transform="translate(0,6)"
                width="14.270326255826035"
                x="578.4640082858622"
                z-index="20"
              />
            </g>
            <g
              class="isoform"
              transform="translate(0,130)"
            >
              <text
                class="geneLabel"
                fill="black"
                height="0"
                transform="translate(25.617814603832212,-20)"
              >
                Sox14
              </text>
              <polygon
                class="transArrow"
                points="0,0 0,20 10,10"
                transform="translate(548.2040393578457,0)"
              />
              <rect
                class="transcriptBackbone"
                height="4"
                transform="translate(25.617814603832212,0)"
                width="522.5862247540134"
                y="10"
              />
              <text
                class="transcriptLabel"
                fill="gray"
                height="0"
                opacity="0.5"
                transform="translate(25.617814603832212,0)"
              >
                Sox14-RA
              </text>
              <rect
                class="exon"
                height="10"
                transform="translate(0,6)"
                width="141.585706887623"
                x="25.617814603832212"
                z-index="10"
              />
              <rect
                class="exon"
                height="10"
                transform="translate(0,6)"
                width="140.46815121698603"
                x="407.73588814085963"
                z-index="10"
              />
              <rect
                class="UTR"
                height="10"
                transform="translate(0,6)"
                width="95.67995857068875"
                x="25.617814603832212"
                z-index="20"
              />
              <rect
                class="UTR"
                height="10"
                transform="translate(0,6)"
                width="13.582599689280073"
                x="534.6214396685656"
                z-index="20"
              />
              <rect
                class="CDS"
                height="10"
                transform="translate(0,6)"
                width="45.905748316934236"
                x="121.29777317452097"
                z-index="20"
              />
              <rect
                class="CDS"
                height="10"
                transform="translate(0,6)"
                width="126.88555152770596"
                x="407.73588814085963"
                z-index="20"
              />
            </g>
            <g
              class="isoform"
              transform="translate(0,170)"
            >
              <polygon
                class="transArrow"
                points="0,0 0,20 10,10"
                transform="translate(548.2040393578457,0)"
              />
              <rect
                class="transcriptBackbone"
                height="4"
                transform="translate(94.04660797514241,0)"
                width="454.15743138270324"
                y="10"
              />
              <text
                class="transcriptLabel"
                fill="gray"
                height="0"
                opacity="0.5"
                transform="translate(94.04660797514241,0)"
              >
                Sox14-RB
              </text>
              <rect
                class="exon"
                height="10"
                transform="translate(0,6)"
                width="73.1569135163128"
                x="94.04660797514241"
                z-index="10"
              />
              <rect
                class="exon"
                height="10"
                transform="translate(0,6)"
                width="140.46815121698603"
                x="407.73588814085963"
                z-index="10"
              />
              <rect
                class="UTR"
                height="10"
                transform="translate(0,6)"
                width="27.251165199378562"
                x="94.04660797514241"
                z-index="20"
              />
              <rect
                class="UTR"
                height="10"
                transform="translate(0,6)"
                width="13.582599689280073"
                x="534.6214396685656"
                z-index="20"
              />
              <rect
                class="CDS"
                height="10"
                transform="translate(0,6)"
                width="45.905748316934236"
                x="121.29777317452097"
                z-index="20"
              />
              <rect
                class="CDS"
                height="10"
                transform="translate(0,6)"
                width="126.88555152770596"
                x="407.73588814085963"
                z-index="20"
              />
            </g>
            <g
              class="isoform"
              transform="translate(0,210)"
            >
              <polygon
                class="transArrow"
                points="0,0 0,20 10,10"
                transform="translate(548.2040393578457,0)"
              />
              <rect
                class="transcriptBackbone"
                height="4"
                transform="translate(0,0)"
                width="548.2040393578457"
                y="10"
              />
              <text
                class="transcriptLabel"
                fill="gray"
                height="0"
                opacity="0.5"
                transform="translate(0,0)"
              >
                Sox14-RC
              </text>
              <rect
                class="exon"
                height="10"
                transform="translate(0,6)"
                width="167.2035214914552"
                x="0"
                z-index="10"
              />
              <rect
                class="exon"
                height="10"
                transform="translate(0,6)"
                width="140.46815121698603"
                x="407.73588814085963"
                z-index="10"
              />
              <rect
                class="UTR"
                height="10"
                transform="translate(0,6)"
                width="121.29777317452097"
                x="0"
                z-index="20"
              />
              <rect
                class="UTR"
                height="10"
                transform="translate(0,6)"
                width="13.582599689280073"
                x="534.6214396685656"
                z-index="20"
              />
              <rect
                class="CDS"
                height="10"
                transform="translate(0,6)"
                width="45.905748316934236"
                x="121.29777317452097"
                z-index="20"
              />
              <rect
                class="CDS"
                height="10"
                transform="translate(0,6)"
                width="126.88555152770596"
                x="407.73588814085963"
                z-index="20"
              />
            </g>
          </g>
        </g>
      </svg>
    </div>
  </div>
</div>
`;

exports[`VariantGlyphsExamples Stories > should render MousePTEN story snapshot 1`] = `
<div>
  <div
    style="margin-top: 20px;"
  >
    <div
      style="padding: 10px;"
    >
      Loaded 0 variants
    </div>
    <div
      class="viewer-border"
    >
      <svg
        height="400"
        id="mouse-PTEN-svg"
        width="900"
        xmlns:xlink="http://www.w3.org/1999/xlink"
      >
        <g
          class="mouse-PTEN-svg main-view"
          transform="translate(40,8)"
        >
          <g
            class="axis track"
            fill="none"
            font-family="sans-serif"
            font-size="10"
            height="20"
            text-anchor="middle"
            transform="translate(0,20)"
            width="830"
          >
            <path
              class="domain"
              d="M0.5,-8V0.5H830.5V-8"
              stroke="currentColor"
            />
            <g
              class="tick"
              opacity="1"
              transform="translate(64.34615384615384,0)"
            >
              <line
                stroke="currentColor"
                y2="-8"
              />
              <text
                dy="0em"
                fill="currentColor"
                y="-11"
              >
                32.74M
              </text>
            </g>
            <g
              class="tick"
              opacity="1"
              transform="translate(192.03846153846155,0)"
            >
              <line
                stroke="currentColor"
                y2="-8"
              />
              <text
                dy="0em"
                fill="currentColor"
                y="-11"
              >
                32.75M
              </text>
            </g>
            <g
              class="tick"
              opacity="1"
              transform="translate(319.7307692307692,0)"
            >
              <line
                stroke="currentColor"
                y2="-8"
              />
              <text
                dy="0em"
                fill="currentColor"
                y="-11"
              >
                32.76M
              </text>
            </g>
            <g
              class="tick"
              opacity="1"
              transform="translate(447.4230769230769,0)"
            >
              <line
                stroke="currentColor"
                y2="-8"
              />
              <text
                dy="0em"
                fill="currentColor"
                y="-11"
              >
                32.77M
              </text>
            </g>
            <g
              class="tick"
              opacity="1"
              transform="translate(575.1153846153846,0)"
            >
              <line
                stroke="currentColor"
                y2="-8"
              />
              <text
                dy="0em"
                fill="currentColor"
                y="-11"
              >
                32.78M
              </text>
            </g>
            <g
              class="tick"
              opacity="1"
              transform="translate(702.8076923076923,0)"
            >
              <line
                stroke="currentColor"
                y2="-8"
              />
              <text
                dy="0em"
                fill="currentColor"
                y="-11"
              >
                32.79M
              </text>
            </g>
            <g
              class="tick"
              opacity="1"
              transform="translate(830.5,0)"
            >
              <line
                stroke="currentColor"
                y2="-8"
              />
              <text
                dy="0em"
                fill="currentColor"
                y="-11"
              >
                32.80M
              </text>
            </g>
          </g>
          <g
            class="track"
            transform="translate(0,1)"
          >
            <g
              class="isoform"
              transform="translate(0,30)"
            >
              <text
                class="geneLabel"
                fill="black"
                height="0"
                transform="translate(0.6769194920191076,-20)"
              >
                Gm58496
              </text>
              <polygon
                class="transArrow"
                points="0,0 0,20 10,10"
                transform="translate(1.9824070837702437,0)"
              />
              <rect
                class="transcriptBackbone"
                height="4"
                transform="translate(0.6769194920191076,0)"
                width="1.305487591751136"
                y="10"
              />
              <text
                class="transcriptLabel"
                fill="gray"
                height="0"
                opacity="0.5"
                transform="translate(0.6769194920191076,0)"
              >
                ENSMUST00000249246
              </text>
              <rect
                class="exon"
                height="10"
                transform="translate(0,6)"
                width="1.305487591751136"
                x="0.6769194920191076"
                z-index="10"
              />
              <rect
                class="CDS"
                height="10"
                transform="translate(0,6)"
                width="1.305487591751136"
                x="0.6769194920191076"
                z-index="20"
              />
            </g>
            <g
              class="isoform"
              transform="translate(0,90)"
            >
              <text
                class="geneLabel"
                fill="black"
                height="0"
                transform="translate(2.502184550856344,-20)"
              >
                Gm58497
              </text>
              <polygon
                class="transArrow"
                points="0,0 0,20 10,10"
                transform="translate(4.1703075847605735,0)"
              />
              <rect
                class="transcriptBackbone"
                height="4"
                transform="translate(2.502184550856344,0)"
                width="1.6681230339042297"
                y="10"
              />
              <text
                class="transcriptLabel"
                fill="gray"
                height="0"
                opacity="0.5"
                transform="translate(2.502184550856344,0)"
              >
                ENSMUST00000249245
              </text>
              <rect
                class="exon"
                height="10"
                transform="translate(0,6)"
                width="1.6681230339042297"
                x="2.502184550856344"
                z-index="10"
              />
              <rect
                class="CDS"
                height="10"
                transform="translate(0,6)"
                width="1.6681230339042297"
                x="2.502184550856344"
                z-index="20"
              />
            </g>
            <g
              class="isoform"
              transform="translate(0,150)"
            >
              <text
                class="geneLabel"
                fill="black"
                height="0"
                transform="translate(0,-20)"
              >
                Pten
              </text>
              <polygon
                class="transArrow"
                points="0,0 0,20 10,10"
                transform="translate(830,0)"
              />
              <rect
                class="transcriptBackbone"
                height="4"
                transform="translate(0,0)"
                width="830"
                y="10"
              />
              <text
                class="transcriptLabel"
                fill="gray"
                height="0"
                opacity="0.5"
                transform="translate(0,0)"
              >
                ENSMUST00000013807
              </text>
              <rect
                class="exon"
                height="10"
                transform="translate(0,6)"
                width="12.414219969707561"
                x="0"
                z-index="10"
              />
              <rect
                class="exon"
                height="10"
                transform="translate(0,6)"
                width="1.0274670861004438"
                x="223.84277059303272"
                z-index="10"
              />
              <rect
                class="exon"
                height="10"
                transform="translate(0,6)"
                width="0.5439531632296735"
                x="423.7032506116742"
                z-index="10"
              />
              <rect
                class="exon"
                height="10"
                transform="translate(0,6)"
                width="0.5318653151578587"
                x="490.452347663987"
                z-index="10"
              />
              <rect
                class="exon"
                height="10"
                transform="translate(0,6)"
                width="2.8889956891530346"
                x="512.0895957124549"
                z-index="10"
              />
              <rect
                class="exon"
                height="10"
                transform="translate(0,6)"
                width="1.7164744261913256"
                x="655.1492776418502"
                z-index="10"
              />
              <rect
                class="exon"
                height="10"
                transform="translate(0,6)"
                width="2.018670627985557"
                x="700.1281603169056"
                z-index="10"
              />
              <rect
                class="exon"
                height="10"
                transform="translate(0,6)"
                width="2.719765816148197"
                x="729.3686648025166"
                z-index="10"
              />
              <rect
                class="exon"
                height="10"
                transform="translate(0,6)"
                width="76.3710241174415"
                x="753.6289758825585"
                z-index="10"
              />
              <rect
                class="CDS"
                height="10"
                transform="translate(0,6)"
                width="0.954939997669813"
                x="11.459279972037749"
                z-index="20"
              />
              <rect
                class="CDS"
                height="10"
                transform="translate(0,6)"
                width="1.0274670861004438"
                x="223.84277059303272"
                z-index="20"
              />
              <rect
                class="CDS"
                height="10"
                transform="translate(0,6)"
                width="0.5439531632296735"
                x="423.7032506116742"
                z-index="20"
              />
              <rect
                class="CDS"
                height="10"
                transform="translate(0,6)"
                width="0.5318653151578587"
                x="490.452347663987"
                z-index="20"
              />
              <rect
                class="CDS"
                height="10"
                transform="translate(0,6)"
                width="2.8889956891530346"
                x="512.0895957124549"
                z-index="20"
              />
              <rect
                class="CDS"
                height="10"
                transform="translate(0,6)"
                width="1.7164744261913256"
                x="655.1492776418502"
                z-index="20"
              />
              <rect
                class="CDS"
                height="10"
                transform="translate(0,6)"
                width="2.018670627985557"
                x="700.1281603169056"
                z-index="20"
              />
              <rect
                class="CDS"
                height="10"
                transform="translate(0,6)"
                width="2.719765816148197"
                x="729.3686648025166"
                z-index="20"
              />
              <rect
                class="CDS"
                height="10"
                transform="translate(0,6)"
                width="2.248339741349241"
                x="753.6289758825585"
                z-index="20"
              />
            </g>
            <g
              class="isoform"
              transform="translate(0,190)"
            >
              <polygon
                class="transArrow"
                points="0,0 0,20 10,10"
                transform="translate(830,0)"
              />
              <rect
                class="transcriptBackbone"
                height="4"
                transform="translate(0,0)"
                width="830"
                y="10"
              />
              <text
                class="transcriptLabel"
                fill="gray"
                height="0"
                opacity="0.5"
                transform="translate(0,0)"
              >
                ENSMUST00000249247
              </text>
              <rect
                class="exon"
                height="10"
                transform="translate(0,6)"
                width="12.414219969707561"
                x="0"
                z-index="10"
              />
              <rect
                class="exon"
                height="10"
                transform="translate(0,6)"
                width="1.0274670861004438"
                x="223.84277059303272"
                z-index="10"
              />
              <rect
                class="exon"
                height="10"
                transform="translate(0,6)"
                width="0.5439531632296735"
                x="423.7032506116742"
                z-index="10"
              />
              <rect
                class="exon"
                height="10"
                transform="translate(0,6)"
                width="0.5318653151578587"
                x="490.452347663987"
                z-index="10"
              />
              <rect
                class="exon"
                height="10"
                transform="translate(0,6)"
                width="2.8889956891530346"
                x="512.0895957124549"
                z-index="10"
              />
              <rect
                class="exon"
                height="10"
                transform="translate(0,6)"
                width="1.7164744261913256"
                x="655.1492776418502"
                z-index="10"
              />
              <rect
                class="exon"
                height="10"
                transform="translate(0,6)"
                width="2.018670627985557"
                x="700.1281603169056"
                z-index="10"
              />
              <rect
                class="exon"
                height="10"
                transform="translate(0,6)"
                width="2.719765816148197"
                x="729.3686648025166"
                z-index="10"
              />
              <rect
                class="exon"
                height="10"
                transform="translate(0,6)"
                width="76.3710241174415"
                x="753.6289758825585"
                z-index="10"
              />
              <rect
                class="CDS"
                height="10"
                transform="translate(0,6)"
                width="7.08347897005709"
                x="5.330740999650471"
                z-index="20"
              />
              <rect
                class="CDS"
                height="10"
                transform="translate(0,6)"
                width="1.0274670861004438"
                x="223.84277059303272"
                z-index="20"
              />
              <rect
                class="CDS"
                height="10"
                transform="translate(0,6)"
                width="0.5439531632296735"
                x="423.7032506116742"
                z-index="20"
              />
              <rect
                class="CDS"
                height="10"
                transform="translate(0,6)"
                width="0.5318653151578587"
                x="490.452347663987"
                z-index="20"
              />
              <rect
                class="CDS"
                height="10"
                transform="translate(0,6)"
                width="2.8889956891530346"
                x="512.0895957124549"
                z-index="20"
              />
              <rect
                class="CDS"
                height="10"
                transform="translate(0,6)"
                width="1.7164744261913256"
                x="655.1492776418502"
                z-index="20"
              />
              <rect
                class="CDS"
                height="10"
                transform="translate(0,6)"
                width="2.018670627985557"
                x="700.1281603169056"
                z-index="20"
              />
              <rect
                class="CDS"
                height="10"
                transform="translate(0,6)"
                width="2.719765816148197"
                x="729.3686648025166"
                z-index="20"
              />
              <rect
                class="CDS"
                height="10"
                transform="translate(0,6)"
                width="2.248339741349241"
                x="753.6289758825585"
                z-index="20"
              />
            </g>
            <g
              class="isoform"
              transform="translate(0,230)"
            >
              <polygon
                class="transArrow"
                points="0,0 0,20 10,10"
                transform="translate(830,0)"
              />
              <rect
                class="transcriptBackbone"
                height="4"
                transform="translate(0.9670278457415822,0)"
                width="829.0329721542585"
                y="10"
              />
              <text
                class="transcriptLabel"
                fill="gray"
                height="0"
                opacity="0.5"
                transform="translate(0.9670278457415822,0)"
              >
                NM_008960.2
              </text>
              <rect
                class="exon"
                height="10"
                transform="translate(0,6)"
                width="11.44719212396598"
                x="0.9670278457415822"
                z-index="10"
              />
              <rect
                class="exon"
                height="10"
                transform="translate(0,6)"
                width="1.0274670861004438"
                x="223.84277059303272"
                z-index="10"
              />
              <rect
                class="exon"
                height="10"
                transform="translate(0,6)"
                width="0.5439531632296735"
                x="423.7032506116742"
                z-index="10"
              />
              <rect
                class="exon"
                height="10"
                transform="translate(0,6)"
                width="0.5318653151578587"
                x="490.452347663987"
                z-index="10"
              />
              <rect
                class="exon"
                height="10"
                transform="translate(0,6)"
                width="2.8889956891530346"
                x="512.0895957124549"
                z-index="10"
              />
              <rect
                class="exon"
                height="10"
                transform="translate(0,6)"
                width="1.7164744261913256"
                x="655.1492776418502"
                z-index="10"
              />
              <rect
                class="exon"
                height="10"
                transform="translate(0,6)"
                width="2.018670627985557"
                x="700.1281603169056"
                z-index="10"
              />
              <rect
                class="exon"
                height="10"
                transform="translate(0,6)"
                width="2.719765816148197"
                x="729.3686648025166"
                z-index="10"
              />
              <rect
                class="exon"
                height="10"
                transform="translate(0,6)"
                width="76.3710241174415"
                x="753.6289758825585"
                z-index="10"
              />
              <rect
                class="CDS"
                height="10"
                transform="translate(0,6)"
                width="0.954939997669813"
                x="11.459279972037749"
                z-index="20"
              />
              <rect
                class="CDS"
                height="10"
                transform="translate(0,6)"
                width="1.0274670861004438"
                x="223.84277059303272"
                z-index="20"
              />
              <rect
                class="CDS"
                height="10"
                transform="translate(0,6)"
                width="0.5439531632296735"
                x="423.7032506116742"
                z-index="20"
              />
              <rect
                class="CDS"
                height="10"
                transform="translate(0,6)"
                width="0.5318653151578587"
                x="490.452347663987"
                z-index="20"
              />
              <rect
                class="CDS"
                height="10"
                transform="translate(0,6)"
                width="2.8889956891530346"
                x="512.0895957124549"
                z-index="20"
              />
              <rect
                class="CDS"
                height="10"
                transform="translate(0,6)"
                width="1.7164744261913256"
                x="655.1492776418502"
                z-index="20"
              />
              <rect
                class="CDS"
                height="10"
                transform="translate(0,6)"
                width="2.018670627985557"
                x="700.1281603169056"
                z-index="20"
              />
              <rect
                class="CDS"
                height="10"
                transform="translate(0,6)"
                width="2.719765816148197"
                x="729.3686648025166"
                z-index="20"
              />
              <rect
                class="CDS"
                height="10"
                transform="translate(0,6)"
                width="2.248339741349241"
                x="753.6289758825585"
                z-index="20"
              />
            </g>
            <g
              class="isoform"
              transform="translate(0,270)"
            >
              <polygon
                class="transArrow"
                points="0,0 0,20 10,10"
                transform="translate(828.7066002563207,0)"
              />
              <rect
                class="transcriptBackbone"
                height="4"
                transform="translate(12.48674705813818,0)"
                width="816.2198531981825"
                y="10"
              />
              <text
                class="transcriptLabel"
                fill="gray"
                height="0"
                opacity="0.5"
                transform="translate(12.48674705813818,0)"
              >
                XM_006526769.3
              </text>
              <rect
                class="exon"
                height="10"
                transform="translate(0,6)"
                width="12.9581731329372"
                x="12.48674705813818"
                z-index="10"
              />
              <rect
                class="exon"
                height="10"
                transform="translate(0,6)"
                width="0.5439531632296735"
                x="423.7032506116742"
                z-index="10"
              />
              <rect
                class="exon"
                height="10"
                transform="translate(0,6)"
                width="0.5318653151578587"
                x="490.452347663987"
                z-index="10"
              />
              <rect
                class="exon"
                height="10"
                transform="translate(0,6)"
                width="2.8889956891530346"
                x="512.0895957124549"
                z-index="10"
              />
              <rect
                class="exon"
                height="10"
                transform="translate(0,6)"
                width="1.7164744261913256"
                x="655.1492776418502"
                z-index="10"
              />
              <rect
                class="exon"
                height="10"
                transform="translate(0,6)"
                width="2.018670627985557"
                x="700.1281603169056"
                z-index="10"
              />
              <rect
                class="exon"
                height="10"
                transform="translate(0,6)"
                width="2.719765816148197"
                x="729.3686648025166"
                z-index="10"
              />
              <rect
                class="exon"
                height="10"
                transform="translate(0,6)"
                width="75.0776243737622"
                x="753.6289758825585"
                z-index="10"
              />
              <rect
                class="CDS"
                height="10"
                transform="translate(0,6)"
                width="1.1241698706746774"
                x="513.8544215309332"
                z-index="20"
              />
              <rect
                class="CDS"
                height="10"
                transform="translate(0,6)"
                width="1.7164744261913256"
                x="655.1492776418502"
                z-index="20"
              />
              <rect
                class="CDS"
                height="10"
                transform="translate(0,6)"
                width="2.018670627985557"
                x="700.1281603169056"
                z-index="20"
              />
              <rect
                class="CDS"
                height="10"
                transform="translate(0,6)"
                width="2.719765816148197"
                x="729.3686648025166"
                z-index="20"
              />
              <rect
                class="CDS"
                height="10"
                transform="translate(0,6)"
                width="2.248339741349241"
                x="753.6289758825585"
                z-index="20"
              />
            </g>
          </g>
        </g>
      </svg>
    </div>
  </div>
</div>
`;
