// Vitest Snapshot v1, https://vitest.dev/guide/snapshot.html

exports[`WormStatic Stories > should render Worm1 story snapshot 1`] = `
<div
  class="viewer-border"
>
  <svg
    id="mysvg"
    xmlns:xlink="http://www.w3.org/1999/xlink"
  />
</div>
`;

exports[`WormStatic Stories > should render Worm2 story snapshot 1`] = `
<div
  class="viewer-border"
>
  <svg
    id="mysvg"
    xmlns:xlink="http://www.w3.org/1999/xlink"
  />
</div>
`;

exports[`WormStatic Stories > should render Worm3 story snapshot 1`] = `
<div
  class="viewer-border"
>
  <svg
    id="mysvg"
    xmlns:xlink="http://www.w3.org/1999/xlink"
  />
</div>
`;

exports[`WormStatic Stories > should render Worm4 story snapshot 1`] = `
<div
  class="viewer-border"
>
  <svg
    id="mysvg"
    xmlns:xlink="http://www.w3.org/1999/xlink"
  />
</div>
`;
